student on cuda:0 teacher on cuda:1
Working with z of shape (1, 256, 16, 16) = 65536 dimensions.
grids: 10000 x16, 6500 x32
variant A: widths (64, 64, 64, 32, 16) blocks (2, 2, 2, 1, 1) params 1.65 M -> fp16 3.1 MiB
variant B: widths (64, 64, 48, 24, 12) blocks (2, 2, 2, 1, 1) params 1.56 M -> fp16 3.0 MiB
Downloading: "https://download.pytorch.org/models/vgg16-397923af.pth" to /root/.cache/torch/hub/checkpoints/vgg16-397923af.pth

  0%|          | 0.00/528M [00:00<?, ?B/s]
  1%|▏         | 7.50M/528M [00:00<00:06, 78.1MB/s]
  5%|▍         | 26.2M/528M [00:00<00:03, 147MB/s] 
  9%|▉         | 46.4M/528M [00:00<00:02, 176MB/s]
 13%|█▎        | 66.9M/528M [00:00<00:02, 191MB/s]
 17%|█▋        | 87.6M/528M [00:00<00:02, 200MB/s]
 20%|██        | 108M/528M [00:00<00:02, 205MB/s] 
 24%|██▍       | 129M/528M [00:00<00:02, 208MB/s]
 28%|██▊       | 149M/528M [00:00<00:01, 210MB/s]
 32%|███▏      | 170M/528M [00:00<00:01, 212MB/s]
 36%|███▌      | 190M/528M [00:01<00:01, 206MB/s]
 40%|███▉      | 211M/528M [00:01<00:01, 209MB/s]
 44%|████▍     | 232M/528M [00:01<00:01, 212MB/s]
 48%|████▊     | 252M/528M [00:01<00:01, 214MB/s]
 52%|█████▏    | 273M/528M [00:01<00:01, 206MB/s]
 56%|█████▌    | 294M/528M [00:01<00:01, 209MB/s]
 60%|█████▉    | 314M/528M [00:01<00:01, 211MB/s]
 64%|██████▎   | 336M/528M [00:01<00:00, 215MB/s]
 68%|██████▊   | 357M/528M [00:01<00:00, 216MB/s]
 72%|███████▏  | 378M/528M [00:01<00:00, 217MB/s]
 75%|███████▌  | 398M/528M [00:02<00:00, 217MB/s]
 79%|███████▉  | 419M/528M [00:02<00:00, 214MB/s]
 83%|████████▎ | 440M/528M [00:02<00:00, 217MB/s]
 87%|████████▋ | 462M/528M [00:02<00:00, 218MB/s]
 91%|█████████▏| 483M/528M [00:02<00:00, 219MB/s]
 96%|█████████▌| 504M/528M [00:02<00:00, 221MB/s]
100%|██████████| 528M/528M [00:02<00:00, 210MB/s]
step 96 0.02h lr 9.60e-04 S=16 A: L1 0.3010 LPIPS 0.7003 | B: L1 0.3890 LPIPS 0.6945  25.6 img/s q=1
step 172 0.03h lr 1.72e-03 S=16 A: L1 0.1088 LPIPS 0.5862 | B: L1 0.1492 LPIPS 0.6490  20.3 img/s q=1
step 254 0.05h lr 2.00e-03 S=16 A: L1 0.0934 LPIPS 0.5256 | B: L1 0.1070 LPIPS 0.5933  21.7 img/s q=1
step 330 0.07h lr 2.00e-03 S=16 A: L1 0.0795 LPIPS 0.4847 | B: L1 0.0942 LPIPS 0.5399  20.2 img/s q=1
step 418 0.08h lr 2.00e-03 S=16 A: L1 0.0778 LPIPS 0.4702 | B: L1 0.0904 LPIPS 0.5196  23.4 img/s q=1
step 495 0.10h lr 2.00e-03 S=16 A: L1 0.0772 LPIPS 0.4574 | B: L1 0.0841 LPIPS 0.4995  20.5 img/s q=1
step 579 0.12h lr 1.99e-03 S=20 A: L1 0.0755 LPIPS 0.4463 | B: L1 0.0808 LPIPS 0.4828  21.9 img/s q=1
step 666 0.13h lr 1.99e-03 S=8 A: L1 0.0724 LPIPS 0.4356 | B: L1 0.0816 LPIPS 0.4710  23.2 img/s q=1
step 745 0.15h lr 1.99e-03 S=16 A: L1 0.0709 LPIPS 0.4304 | B: L1 0.0770 LPIPS 0.4592  20.9 img/s q=1
step 824 0.17h lr 1.99e-03 S=8 A: L1 0.0694 LPIPS 0.4197 | B: L1 0.0749 LPIPS 0.4513  21.1 img/s q=0
step 908 0.18h lr 1.99e-03 S=16 A: L1 0.0702 LPIPS 0.4241 | B: L1 0.0762 LPIPS 0.4561  22.2 img/s q=0
step 986 0.20h lr 1.98e-03 S=16 A: L1 0.0699 LPIPS 0.4170 | B: L1 0.0754 LPIPS 0.4512  20.8 img/s q=0
step 1075 0.22h lr 1.98e-03 S=16 A: L1 0.0719 LPIPS 0.4228 | B: L1 0.0735 LPIPS 0.4447  23.5 img/s q=1
step 1150 0.23h lr 1.98e-03 S=16 A: L1 0.0687 LPIPS 0.4118 | B: L1 0.0732 LPIPS 0.4412  20.0 img/s q=0
step 1235 0.25h lr 1.98e-03 S=16 A: L1 0.0707 LPIPS 0.4089 | B: L1 0.0705 LPIPS 0.4328  22.4 img/s q=2
step 1316 0.27h lr 1.97e-03 S=16 A: L1 0.0683 LPIPS 0.4095 | B: L1 0.0705 LPIPS 0.4286  21.4 img/s q=0
step 1403 0.28h lr 1.97e-03 S=16 A: L1 0.0695 LPIPS 0.4084 | B: L1 0.0721 LPIPS 0.4331  23.0 img/s q=1
step 1485 0.30h lr 1.97e-03 S=12 A: L1 0.0670 LPIPS 0.4017 | B: L1 0.0708 LPIPS 0.4298  21.9 img/s q=0
step 1561 0.32h lr 1.96e-03 S=24 A: L1 0.0676 LPIPS 0.4032 | B: L1 0.0720 LPIPS 0.4306  20.1 img/s q=1
step 1639 0.34h lr 1.96e-03 S=24 A: L1 0.0665 LPIPS 0.3961 | B: L1 0.0743 LPIPS 0.4320  20.4 img/s q=1
step 1721 0.35h lr 1.95e-03 S=16 A: L1 0.0675 LPIPS 0.3978 | B: L1 0.0704 LPIPS 0.4258  21.6 img/s q=0
step 1790 0.37h lr 1.95e-03 S=24 A: L1 0.0646 LPIPS 0.3900 | B: L1 0.0683 LPIPS 0.4145  18.3 img/s q=2
step 1873 0.39h lr 1.94e-03 S=16 A: L1 0.0669 LPIPS 0.3983 | B: L1 0.0715 LPIPS 0.4246  21.9 img/s q=0
step 1947 0.40h lr 1.94e-03 S=24 A: L1 0.0636 LPIPS 0.3896 | B: L1 0.0672 LPIPS 0.4141  19.1 img/s q=1
step 2029 0.42h lr 1.93e-03 S=16 A: L1 0.0631 LPIPS 0.3879 | B: L1 0.0677 LPIPS 0.4156  21.8 img/s q=1
step 2109 0.44h lr 1.93e-03 S=16 A: L1 0.0664 LPIPS 0.3962 | B: L1 0.0704 LPIPS 0.4222  21.2 img/s q=0
step 2186 0.45h lr 1.92e-03 S=16 A: L1 0.0648 LPIPS 0.3889 | B: L1 0.0694 LPIPS 0.4140  20.4 img/s q=2
step 2272 0.47h lr 1.92e-03 S=16 A: L1 0.0670 LPIPS 0.3926 | B: L1 0.0680 LPIPS 0.4140  22.7 img/s q=0
step 2352 0.49h lr 1.91e-03 S=16 A: L1 0.0642 LPIPS 0.3901 | B: L1 0.0674 LPIPS 0.4135  21.2 img/s q=0
[eval step 2414] A: L1 0.0666 LPIPS 0.3532 PSNR 22.1 CLIPcos 0.6960 | B: L1 0.0706 LPIPS 0.3871 PSNR 21.5 CLIPcos 0.6662
step 2415 0.50h lr 1.90e-03 S=16 A: L1 0.0659 LPIPS 0.3841 | B: L1 0.0648 LPIPS 0.3977  15.9 img/s q=6
step 2501 0.52h lr 1.90e-03 S=16 A: L1 0.0626 LPIPS 0.3853 | B: L1 0.0675 LPIPS 0.4004  22.7 img/s q=0
step 2585 0.54h lr 1.89e-03 S=16 A: L1 0.0672 LPIPS 0.3865 | B: L1 0.0676 LPIPS 0.4011  22.4 img/s q=0
step 2667 0.56h lr 1.88e-03 S=20 A: L1 0.0645 LPIPS 0.3852 | B: L1 0.0642 LPIPS 0.3970  21.3 img/s q=2
step 2755 0.57h lr 1.88e-03 S=12 A: L1 0.0648 LPIPS 0.3843 | B: L1 0.0661 LPIPS 0.3948  23.4 img/s q=1
step 2837 0.59h lr 1.87e-03 S=16 A: L1 0.0674 LPIPS 0.3881 | B: L1 0.0679 LPIPS 0.3979  21.7 img/s q=0
step 2921 0.61h lr 1.86e-03 S=16 A: L1 0.0638 LPIPS 0.3810 | B: L1 0.0655 LPIPS 0.3903  22.2 img/s q=0
step 3001 0.62h lr 1.86e-03 S=24 A: L1 0.0633 LPIPS 0.3833 | B: L1 0.0651 LPIPS 0.3922  20.6 img/s q=0
step 3078 0.64h lr 1.85e-03 S=20 A: L1 0.0652 LPIPS 0.3860 | B: L1 0.0659 LPIPS 0.3924  20.0 img/s q=1
step 3159 0.66h lr 1.84e-03 S=16 A: L1 0.0648 LPIPS 0.3866 | B: L1 0.0639 LPIPS 0.3864  21.4 img/s q=0
step 3248 0.67h lr 1.83e-03 S=16 A: L1 0.0643 LPIPS 0.3869 | B: L1 0.0640 LPIPS 0.3851  23.5 img/s q=0
step 3328 0.69h lr 1.82e-03 S=16 A: L1 0.0638 LPIPS 0.3786 | B: L1 0.0637 LPIPS 0.3885  21.1 img/s q=1
step 3410 0.71h lr 1.81e-03 S=16 A: L1 0.0632 LPIPS 0.3753 | B: L1 0.0649 LPIPS 0.3811  21.7 img/s q=0
step 3491 0.72h lr 1.81e-03 S=16 A: L1 0.0643 LPIPS 0.3806 | B: L1 0.0624 LPIPS 0.3829  21.5 img/s q=0
step 3571 0.74h lr 1.80e-03 S=16 A: L1 0.0646 LPIPS 0.3831 | B: L1 0.0653 LPIPS 0.3868  21.2 img/s q=0
step 3643 0.76h lr 1.79e-03 S=16 A: L1 0.0625 LPIPS 0.3778 | B: L1 0.0648 LPIPS 0.3847  19.2 img/s q=1
step 3739 0.77h lr 1.78e-03 S=8 A: L1 0.0634 LPIPS 0.3791 | B: L1 0.0658 LPIPS 0.3869  25.6 img/s q=0
step 3824 0.79h lr 1.77e-03 S=16 A: L1 0.0657 LPIPS 0.3797 | B: L1 0.0659 LPIPS 0.3841  22.6 img/s q=1
step 3904 0.81h lr 1.76e-03 S=16 A: L1 0.0648 LPIPS 0.3812 | B: L1 0.0655 LPIPS 0.3833  21.1 img/s q=0
step 3986 0.82h lr 1.75e-03 S=24 A: L1 0.0616 LPIPS 0.3663 | B: L1 0.0614 LPIPS 0.3704  21.8 img/s q=1
step 4065 0.84h lr 1.74e-03 S=16 A: L1 0.0633 LPIPS 0.3727 | B: L1 0.0646 LPIPS 0.3781  20.9 img/s q=1
step 4153 0.86h lr 1.73e-03 S=24 A: L1 0.0655 LPIPS 0.3722 | B: L1 0.0636 LPIPS 0.3748  22.8 img/s q=2
step 4233 0.87h lr 1.72e-03 S=10 A: L1 0.0620 LPIPS 0.3730 | B: L1 0.0630 LPIPS 0.3814  21.3 img/s q=1
step 4319 0.89h lr 1.71e-03 S=12 A: L1 0.0624 LPIPS 0.3709 | B: L1 0.0634 LPIPS 0.3756  22.8 img/s q=1
step 4403 0.91h lr 1.70e-03 S=24 A: L1 0.0625 LPIPS 0.3760 | B: L1 0.0651 LPIPS 0.3827  21.7 img/s q=1
step 4486 0.93h lr 1.69e-03 S=24 A: L1 0.0606 LPIPS 0.3663 | B: L1 0.0608 LPIPS 0.3702  21.3 img/s q=1
step 4578 0.94h lr 1.68e-03 S=24 A: L1 0.0626 LPIPS 0.3686 | B: L1 0.0621 LPIPS 0.3737  24.2 img/s q=1
step 4656 0.96h lr 1.67e-03 S=24 A: L1 0.0599 LPIPS 0.3603 | B: L1 0.0613 LPIPS 0.3659  20.4 img/s q=1
step 4734 0.98h lr 1.66e-03 S=16 A: L1 0.0610 LPIPS 0.3633 | B: L1 0.0612 LPIPS 0.3703  20.8 img/s q=1
step 4822 0.99h lr 1.65e-03 S=16 A: L1 0.0613 LPIPS 0.3692 | B: L1 0.0624 LPIPS 0.3734  23.3 img/s q=0
[eval step 4876] A: L1 0.0499 LPIPS 0.3149 PSNR 24.1 CLIPcos 0.7528 | B: L1 0.0516 LPIPS 0.3272 PSNR 23.8 CLIPcos 0.7281
step 4888 1.01h lr 1.64e-03 S=24 A: L1 0.0610 LPIPS 0.3693 | B: L1 0.0617 LPIPS 0.3687  17.4 img/s q=2
step 4975 1.03h lr 1.62e-03 S=16 A: L1 0.0623 LPIPS 0.3652 | B: L1 0.0619 LPIPS 0.3708  23.1 img/s q=1
step 5060 1.04h lr 1.61e-03 S=20 A: L1 0.0631 LPIPS 0.3683 | B: L1 0.0637 LPIPS 0.3699  22.4 img/s q=1
step 5156 1.06h lr 1.60e-03 S=24 A: L1 0.0619 LPIPS 0.3686 | B: L1 0.0643 LPIPS 0.3752  24.8 img/s q=1
step 5245 1.08h lr 1.59e-03 S=24 A: L1 0.0607 LPIPS 0.3624 | B: L1 0.0614 LPIPS 0.3722  22.9 img/s q=2
step 5327 1.10h lr 1.58e-03 S=12 A: L1 0.0605 LPIPS 0.3604 | B: L1 0.0618 LPIPS 0.3662  21.8 img/s q=0
step 5407 1.11h lr 1.56e-03 S=24 A: L1 0.0600 LPIPS 0.3626 | B: L1 0.0622 LPIPS 0.3682  20.6 img/s q=1
step 5491 1.13h lr 1.55e-03 S=16 A: L1 0.0592 LPIPS 0.3572 | B: L1 0.0619 LPIPS 0.3630  22.2 img/s q=2
step 5577 1.15h lr 1.54e-03 S=16 A: L1 0.0613 LPIPS 0.3613 | B: L1 0.0621 LPIPS 0.3660  22.8 img/s q=0
step 5660 1.16h lr 1.53e-03 S=16 A: L1 0.0606 LPIPS 0.3617 | B: L1 0.0612 LPIPS 0.3684  22.0 img/s q=0
step 5746 1.18h lr 1.52e-03 S=16 A: L1 0.0624 LPIPS 0.3647 | B: L1 0.0622 LPIPS 0.3691  22.9 img/s q=0
step 5820 1.20h lr 1.50e-03 S=10 A: L1 0.0598 LPIPS 0.3566 | B: L1 0.0606 LPIPS 0.3602  19.7 img/s q=1
step 5903 1.21h lr 1.49e-03 S=16 A: L1 0.0592 LPIPS 0.3578 | B: L1 0.0607 LPIPS 0.3604  21.9 img/s q=2
step 5985 1.23h lr 1.48e-03 S=16 A: L1 0.0636 LPIPS 0.3615 | B: L1 0.0621 LPIPS 0.3656  21.8 img/s q=1
step 6067 1.25h lr 1.46e-03 S=16 A: L1 0.0620 LPIPS 0.3642 | B: L1 0.0624 LPIPS 0.3694  21.8 img/s q=0
step 6138 1.26h lr 1.45e-03 S=24 A: L1 0.0580 LPIPS 0.3510 | B: L1 0.0582 LPIPS 0.3569  18.4 img/s q=1
step 6223 1.28h lr 1.44e-03 S=16 A: L1 0.0608 LPIPS 0.3637 | B: L1 0.0610 LPIPS 0.3650  22.6 img/s q=1
step 6310 1.30h lr 1.43e-03 S=16 A: L1 0.0613 LPIPS 0.3637 | B: L1 0.0623 LPIPS 0.3680  23.1 img/s q=1
step 6391 1.31h lr 1.41e-03 S=16 A: L1 0.0589 LPIPS 0.3534 | B: L1 0.0589 LPIPS 0.3565  21.4 img/s q=0
step 6469 1.33h lr 1.40e-03 S=16 A: L1 0.0579 LPIPS 0.3507 | B: L1 0.0602 LPIPS 0.3556  20.8 img/s q=0
step 6546 1.35h lr 1.39e-03 S=20 A: L1 0.0605 LPIPS 0.3548 | B: L1 0.0620 LPIPS 0.3632  20.4 img/s q=2
step 6620 1.36h lr 1.37e-03 S=20 A: L1 0.0614 LPIPS 0.3538 | B: L1 0.0601 LPIPS 0.3612  19.6 img/s q=1
step 6708 1.38h lr 1.36e-03 S=10 A: L1 0.0627 LPIPS 0.3644 | B: L1 0.0625 LPIPS 0.3657  23.4 img/s q=0
step 6784 1.40h lr 1.35e-03 S=16 A: L1 0.0605 LPIPS 0.3580 | B: L1 0.0604 LPIPS 0.3610  20.1 img/s q=0
step 6861 1.41h lr 1.33e-03 S=16 A: L1 0.0608 LPIPS 0.3550 | B: L1 0.0601 LPIPS 0.3592  20.3 img/s q=0
step 6946 1.43h lr 1.32e-03 S=12 A: L1 0.0586 LPIPS 0.3531 | B: L1 0.0598 LPIPS 0.3562  22.6 img/s q=1
step 7026 1.45h lr 1.30e-03 S=16 A: L1 0.0592 LPIPS 0.3534 | B: L1 0.0607 LPIPS 0.3591  21.1 img/s q=0
step 7110 1.47h lr 1.29e-03 S=16 A: L1 0.0593 LPIPS 0.3550 | B: L1 0.0600 LPIPS 0.3590  22.2 img/s q=1
step 7201 1.48h lr 1.28e-03 S=16 A: L1 0.0598 LPIPS 0.3550 | B: L1 0.0607 LPIPS 0.3624  24.0 img/s q=1
step 7276 1.50h lr 1.26e-03 S=20 A: L1 0.0593 LPIPS 0.3502 | B: L1 0.0599 LPIPS 0.3559  19.9 img/s q=1
[eval step 7326] A: L1 0.0474 LPIPS 0.3002 PSNR 24.5 CLIPcos 0.7658 | B: L1 0.0485 LPIPS 0.3078 PSNR 24.3 CLIPcos 0.7525
step 7347 1.52h lr 1.25e-03 S=16 A: L1 0.0581 LPIPS 0.3496 | B: L1 0.0577 LPIPS 0.3522  18.8 img/s q=1
step 7435 1.53h lr 1.23e-03 S=16 A: L1 0.0574 LPIPS 0.3474 | B: L1 0.0581 LPIPS 0.3522  23.3 img/s q=0
step 7518 1.55h lr 1.22e-03 S=20 A: L1 0.0594 LPIPS 0.3464 | B: L1 0.0599 LPIPS 0.3482  21.9 img/s q=1
step 7600 1.57h lr 1.21e-03 S=16 A: L1 0.0570 LPIPS 0.3451 | B: L1 0.0579 LPIPS 0.3498  21.8 img/s q=0
step 7689 1.58h lr 1.19e-03 S=16 A: L1 0.0576 LPIPS 0.3479 | B: L1 0.0584 LPIPS 0.3527  23.5 img/s q=1
step 7770 1.60h lr 1.18e-03 S=16 A: L1 0.0578 LPIPS 0.3487 | B: L1 0.0584 LPIPS 0.3507  21.6 img/s q=0
step 7855 1.62h lr 1.16e-03 S=20 A: L1 0.0611 LPIPS 0.3531 | B: L1 0.0605 LPIPS 0.3575  22.5 img/s q=1
step 7942 1.63h lr 1.15e-03 S=20 A: L1 0.0601 LPIPS 0.3512 | B: L1 0.0606 LPIPS 0.3539  23.1 img/s q=1
step 8024 1.65h lr 1.14e-03 S=12 A: L1 0.0572 LPIPS 0.3440 | B: L1 0.0593 LPIPS 0.3510  21.8 img/s q=1
step 8106 1.67h lr 1.12e-03 S=20 A: L1 0.0582 LPIPS 0.3497 | B: L1 0.0586 LPIPS 0.3551  21.8 img/s q=1
step 8194 1.68h lr 1.11e-03 S=16 A: L1 0.0572 LPIPS 0.3460 | B: L1 0.0591 LPIPS 0.3575  23.3 img/s q=0
step 8282 1.70h lr 1.09e-03 S=16 A: L1 0.0593 LPIPS 0.3458 | B: L1 0.0591 LPIPS 0.3510  23.4 img/s q=0
step 8363 1.72h lr 1.08e-03 S=16 A: L1 0.0568 LPIPS 0.3424 | B: L1 0.0590 LPIPS 0.3488  21.4 img/s q=1
step 8433 1.73h lr 1.06e-03 S=24 A: L1 0.0558 LPIPS 0.3429 | B: L1 0.0565 LPIPS 0.3485  18.1 img/s q=1
step 8505 1.75h lr 1.05e-03 S=20 A: L1 0.0571 LPIPS 0.3430 | B: L1 0.0574 LPIPS 0.3469  19.2 img/s q=1
step 8583 1.77h lr 1.04e-03 S=16 A: L1 0.0576 LPIPS 0.3401 | B: L1 0.0575 LPIPS 0.3435  20.6 img/s q=0
step 8663 1.78h lr 1.02e-03 S=24 A: L1 0.0568 LPIPS 0.3395 | B: L1 0.0564 LPIPS 0.3447  20.8 img/s q=1
step 8747 1.80h lr 1.01e-03 S=16 A: L1 0.0588 LPIPS 0.3468 | B: L1 0.0604 LPIPS 0.3505  22.2 img/s q=1
step 8825 1.82h lr 9.92e-04 S=24 A: L1 0.0568 LPIPS 0.3420 | B: L1 0.0580 LPIPS 0.3459  20.5 img/s q=2
step 8907 1.83h lr 9.78e-04 S=16 A: L1 0.0576 LPIPS 0.3422 | B: L1 0.0583 LPIPS 0.3459  21.7 img/s q=0
step 8991 1.85h lr 9.64e-04 S=16 A: L1 0.0585 LPIPS 0.3404 | B: L1 0.0587 LPIPS 0.3462  22.3 img/s q=0
step 9081 1.87h lr 9.49e-04 S=16 A: L1 0.0563 LPIPS 0.3405 | B: L1 0.0572 LPIPS 0.3460  23.7 img/s q=0
step 9164 1.89h lr 9.35e-04 S=16 A: L1 0.0567 LPIPS 0.3378 | B: L1 0.0572 LPIPS 0.3437  22.0 img/s q=0
step 9248 1.90h lr 9.21e-04 S=16 A: L1 0.0566 LPIPS 0.3379 | B: L1 0.0569 LPIPS 0.3430  22.3 img/s q=0
step 9341 1.92h lr 9.07e-04 S=16 A: L1 0.0568 LPIPS 0.3361 | B: L1 0.0576 LPIPS 0.3426  24.5 img/s q=1
step 9424 1.94h lr 8.93e-04 S=24 A: L1 0.0572 LPIPS 0.3421 | B: L1 0.0590 LPIPS 0.3472  21.7 img/s q=1
step 9499 1.95h lr 8.79e-04 S=24 A: L1 0.0573 LPIPS 0.3400 | B: L1 0.0581 LPIPS 0.3454  20.0 img/s q=1
step 9572 1.97h lr 8.64e-04 S=16 A: L1 0.0555 LPIPS 0.3355 | B: L1 0.0573 LPIPS 0.3425  19.4 img/s q=0
step 9659 1.99h lr 8.50e-04 S=16 A: L1 0.0574 LPIPS 0.3425 | B: L1 0.0574 LPIPS 0.3460  23.1 img/s q=0
step 9744 2.00h lr 8.37e-04 S=16 A: L1 0.0564 LPIPS 0.3333 | B: L1 0.0579 LPIPS 0.3408  22.6 img/s q=1
[eval step 9786] A: L1 0.0462 LPIPS 0.2928 PSNR 24.7 CLIPcos 0.7736 | B: L1 0.0472 LPIPS 0.2974 PSNR 24.6 CLIPcos 0.7606
step 9808 2.02h lr 8.23e-04 S=16 A: L1 0.0538 LPIPS 0.3271 | B: L1 0.0552 LPIPS 0.3335  16.9 img/s q=1
step 9884 2.04h lr 8.09e-04 S=12 A: L1 0.0558 LPIPS 0.3310 | B: L1 0.0573 LPIPS 0.3361  20.2 img/s q=0
step 9976 2.05h lr 7.95e-04 S=20 A: L1 0.0557 LPIPS 0.3322 | B: L1 0.0557 LPIPS 0.3393  23.9 img/s q=0
step 10040 2.07h lr 7.81e-04 S=20 A: L1 0.0550 LPIPS 0.3330 | B: L1 0.0567 LPIPS 0.3388  16.7 img/s q=1
step 10119 2.09h lr 7.67e-04 S=20 A: L1 0.0551 LPIPS 0.3293 | B: L1 0.0562 LPIPS 0.3357  20.8 img/s q=2
step 10192 2.10h lr 7.53e-04 S=16 A: L1 0.0555 LPIPS 0.3312 | B: L1 0.0563 LPIPS 0.3387  19.3 img/s q=1
step 10274 2.12h lr 7.40e-04 S=16 A: L1 0.0553 LPIPS 0.3303 | B: L1 0.0563 LPIPS 0.3377  21.7 img/s q=0
step 10356 2.14h lr 7.26e-04 S=16 A: L1 0.0540 LPIPS 0.3297 | B: L1 0.0551 LPIPS 0.3360  21.7 img/s q=0
step 10437 2.15h lr 7.13e-04 S=24 A: L1 0.0544 LPIPS 0.3259 | B: L1 0.0552 LPIPS 0.3323  21.0 img/s q=2
step 10513 2.17h lr 6.99e-04 S=20 A: L1 0.0536 LPIPS 0.3255 | B: L1 0.0556 LPIPS 0.3317  20.1 img/s q=2
step 10594 2.19h lr 6.86e-04 S=10 A: L1 0.0533 LPIPS 0.3258 | B: L1 0.0541 LPIPS 0.3315  21.6 img/s q=0
step 10683 2.21h lr 6.73e-04 S=16 A: L1 0.0539 LPIPS 0.3294 | B: L1 0.0550 LPIPS 0.3348  23.5 img/s q=1
step 10759 2.22h lr 6.60e-04 S=20 A: L1 0.0550 LPIPS 0.3305 | B: L1 0.0556 LPIPS 0.3352  19.9 img/s q=1
step 10836 2.24h lr 6.47e-04 S=10 A: L1 0.0560 LPIPS 0.3314 | B: L1 0.0571 LPIPS 0.3383  20.5 img/s q=0
step 10918 2.26h lr 6.34e-04 S=20 A: L1 0.0552 LPIPS 0.3300 | B: L1 0.0561 LPIPS 0.3366  21.4 img/s q=2
step 11008 2.27h lr 6.21e-04 S=16 A: L1 0.0538 LPIPS 0.3313 | B: L1 0.0546 LPIPS 0.3372  23.8 img/s q=2
step 11094 2.29h lr 6.08e-04 S=16 A: L1 0.0561 LPIPS 0.3309 | B: L1 0.0565 LPIPS 0.3361  22.8 img/s q=0
step 11184 2.31h lr 5.96e-04 S=20 A: L1 0.0542 LPIPS 0.3256 | B: L1 0.0554 LPIPS 0.3323  24.0 img/s q=1
step 11270 2.32h lr 5.83e-04 S=12 A: L1 0.0551 LPIPS 0.3312 | B: L1 0.0560 LPIPS 0.3394  22.9 img/s q=0
step 11354 2.34h lr 5.71e-04 S=12 A: L1 0.0556 LPIPS 0.3258 | B: L1 0.0565 LPIPS 0.3331  22.3 img/s q=1
step 11435 2.36h lr 5.58e-04 S=16 A: L1 0.0557 LPIPS 0.3286 | B: L1 0.0563 LPIPS 0.3338  21.4 img/s q=0
step 11521 2.37h lr 5.46e-04 S=16 A: L1 0.0549 LPIPS 0.3280 | B: L1 0.0560 LPIPS 0.3347  22.9 img/s q=1
step 11604 2.39h lr 5.34e-04 S=16 A: L1 0.0546 LPIPS 0.3285 | B: L1 0.0555 LPIPS 0.3355  21.9 img/s q=0
step 11686 2.41h lr 5.22e-04 S=16 A: L1 0.0533 LPIPS 0.3214 | B: L1 0.0534 LPIPS 0.3256  21.7 img/s q=1
step 11766 2.42h lr 5.10e-04 S=24 A: L1 0.0518 LPIPS 0.3171 | B: L1 0.0525 LPIPS 0.3235  20.5 img/s q=1
step 11852 2.44h lr 4.98e-04 S=12 A: L1 0.0548 LPIPS 0.3241 | B: L1 0.0551 LPIPS 0.3305  22.9 img/s q=3
step 11937 2.46h lr 4.87e-04 S=24 A: L1 0.0542 LPIPS 0.3222 | B: L1 0.0549 LPIPS 0.3290  22.5 img/s q=1
step 12008 2.47h lr 4.75e-04 S=16 A: L1 0.0533 LPIPS 0.3212 | B: L1 0.0542 LPIPS 0.3270  18.8 img/s q=0
step 12083 2.49h lr 4.64e-04 S=16 A: L1 0.0536 LPIPS 0.3207 | B: L1 0.0541 LPIPS 0.3273  19.8 img/s q=2
step 12173 2.51h lr 4.53e-04 S=20 A: L1 0.0537 LPIPS 0.3223 | B: L1 0.0547 LPIPS 0.3296  23.8 img/s q=1
[eval step 12218] A: L1 0.0452 LPIPS 0.2868 PSNR 24.9 CLIPcos 0.7818 | B: L1 0.0461 LPIPS 0.2899 PSNR 24.8 CLIPcos 0.7634
step 12246 2.52h lr 4.42e-04 S=16 A: L1 0.0542 LPIPS 0.3233 | B: L1 0.0548 LPIPS 0.3311  19.4 img/s q=0
step 12321 2.54h lr 4.31e-04 S=20 A: L1 0.0534 LPIPS 0.3217 | B: L1 0.0543 LPIPS 0.3287  19.6 img/s q=1
step 12407 2.56h lr 4.20e-04 S=20 A: L1 0.0531 LPIPS 0.3176 | B: L1 0.0541 LPIPS 0.3243  22.7 img/s q=2
step 12498 2.58h lr 4.09e-04 S=24 A: L1 0.0535 LPIPS 0.3223 | B: L1 0.0540 LPIPS 0.3280  23.6 img/s q=2
step 12569 2.59h lr 3.98e-04 S=16 A: L1 0.0525 LPIPS 0.3185 | B: L1 0.0531 LPIPS 0.3248  18.8 img/s q=0
step 12654 2.61h lr 3.88e-04 S=12 A: L1 0.0527 LPIPS 0.3176 | B: L1 0.0533 LPIPS 0.3238  22.5 img/s q=0
step 12731 2.63h lr 3.78e-04 S=24 A: L1 0.0533 LPIPS 0.3220 | B: L1 0.0542 LPIPS 0.3282  20.4 img/s q=1
step 12807 2.64h lr 3.68e-04 S=24 A: L1 0.0524 LPIPS 0.3193 | B: L1 0.0534 LPIPS 0.3263  20.1 img/s q=2
step 12890 2.66h lr 3.58e-04 S=20 A: L1 0.0552 LPIPS 0.3222 | B: L1 0.0562 LPIPS 0.3299  21.6 img/s q=1
step 12964 2.68h lr 3.48e-04 S=20 A: L1 0.0518 LPIPS 0.3136 | B: L1 0.0524 LPIPS 0.3199  19.5 img/s q=1
step 13046 2.69h lr 3.38e-04 S=16 A: L1 0.0520 LPIPS 0.3123 | B: L1 0.0528 LPIPS 0.3193  21.8 img/s q=0
step 13131 2.71h lr 3.29e-04 S=16 A: L1 0.0533 LPIPS 0.3209 | B: L1 0.0542 LPIPS 0.3268  22.5 img/s q=1
step 13218 2.73h lr 3.20e-04 S=12 A: L1 0.0531 LPIPS 0.3189 | B: L1 0.0537 LPIPS 0.3252  23.1 img/s q=0
step 13306 2.74h lr 3.11e-04 S=16 A: L1 0.0531 LPIPS 0.3222 | B: L1 0.0537 LPIPS 0.3284  23.2 img/s q=0
step 13401 2.76h lr 3.02e-04 S=16 A: L1 0.0533 LPIPS 0.3180 | B: L1 0.0541 LPIPS 0.3247  25.2 img/s q=1
step 13487 2.78h lr 2.93e-04 S=16 A: L1 0.0526 LPIPS 0.3160 | B: L1 0.0534 LPIPS 0.3219  22.7 img/s q=0
step 13570 2.79h lr 2.85e-04 S=24 A: L1 0.0520 LPIPS 0.3161 | B: L1 0.0527 LPIPS 0.3229  21.8 img/s q=2
step 13652 2.81h lr 2.76e-04 S=16 A: L1 0.0534 LPIPS 0.3176 | B: L1 0.0544 LPIPS 0.3244  21.8 img/s q=0
step 13727 2.83h lr 2.68e-04 S=16 A: L1 0.0522 LPIPS 0.3150 | B: L1 0.0529 LPIPS 0.3211  19.8 img/s q=1
step 13808 2.85h lr 2.60e-04 S=24 A: L1 0.0522 LPIPS 0.3137 | B: L1 0.0528 LPIPS 0.3197  20.9 img/s q=1
step 13892 2.86h lr 2.52e-04 S=20 A: L1 0.0527 LPIPS 0.3155 | B: L1 0.0534 LPIPS 0.3220  22.3 img/s q=1
step 13980 2.88h lr 2.44e-04 S=16 A: L1 0.0522 LPIPS 0.3165 | B: L1 0.0530 LPIPS 0.3226  23.2 img/s q=0
step 14061 2.90h lr 2.37e-04 S=16 A: L1 0.0515 LPIPS 0.3121 | B: L1 0.0522 LPIPS 0.3182  21.6 img/s q=0
step 14147 2.91h lr 2.29e-04 S=16 A: L1 0.0535 LPIPS 0.3180 | B: L1 0.0542 LPIPS 0.3247  22.8 img/s q=0
step 14229 2.93h lr 2.22e-04 S=24 A: L1 0.0525 LPIPS 0.3114 | B: L1 0.0531 LPIPS 0.3176  21.2 img/s q=1
step 14306 2.95h lr 2.15e-04 S=16 A: L1 0.0517 LPIPS 0.3123 | B: L1 0.0525 LPIPS 0.3197  20.3 img/s q=1
step 14380 2.96h lr 2.08e-04 S=24 A: L1 0.0530 LPIPS 0.3182 | B: L1 0.0536 LPIPS 0.3247  19.3 img/s q=2
step 14463 2.98h lr 2.02e-04 S=20 A: L1 0.0518 LPIPS 0.3112 | B: L1 0.0526 LPIPS 0.3178  22.1 img/s q=1
step 14544 3.00h lr 1.95e-04 S=16 A: L1 0.0511 LPIPS 0.3121 | B: L1 0.0519 LPIPS 0.3189  21.3 img/s q=1
step 14625 3.01h lr 1.89e-04 S=16 A: L1 0.0525 LPIPS 0.3143 | B: L1 0.0530 LPIPS 0.3216  21.6 img/s q=1
[eval step 14657] A: L1 0.0444 LPIPS 0.2817 PSNR 25.1 CLIPcos 0.7881 | B: L1 0.0454 LPIPS 0.2840 PSNR 24.9 CLIPcos 0.7711
step 14702 3.03h lr 1.83e-04 S=20 A: L1 0.0522 LPIPS 0.3113 | B: L1 0.0531 LPIPS 0.3179  20.0 img/s q=1
step 14782 3.05h lr 1.78e-04 S=24 A: L1 0.0520 LPIPS 0.3131 | B: L1 0.0528 LPIPS 0.3195  21.3 img/s q=2
step 14871 3.06h lr 1.72e-04 S=20 A: L1 0.0515 LPIPS 0.3101 | B: L1 0.0524 LPIPS 0.3174  23.5 img/s q=1
step 14952 3.08h lr 1.66e-04 S=24 A: L1 0.0509 LPIPS 0.3109 | B: L1 0.0517 LPIPS 0.3175  20.8 img/s q=1
step 15031 3.10h lr 1.61e-04 S=16 A: L1 0.0519 LPIPS 0.3117 | B: L1 0.0527 LPIPS 0.3192  20.8 img/s q=0
step 15109 3.11h lr 1.56e-04 S=16 A: L1 0.0503 LPIPS 0.3070 | B: L1 0.0511 LPIPS 0.3136  20.8 img/s q=0
step 15185 3.13h lr 1.52e-04 S=20 A: L1 0.0522 LPIPS 0.3116 | B: L1 0.0531 LPIPS 0.3189  20.2 img/s q=1
step 15265 3.15h lr 1.47e-04 S=20 A: L1 0.0510 LPIPS 0.3108 | B: L1 0.0517 LPIPS 0.3175  21.3 img/s q=1
step 15344 3.17h lr 1.43e-04 S=24 A: L1 0.0511 LPIPS 0.3110 | B: L1 0.0519 LPIPS 0.3174  20.9 img/s q=2
step 15427 3.18h lr 1.39e-04 S=24 A: L1 0.0526 LPIPS 0.3144 | B: L1 0.0532 LPIPS 0.3211  21.7 img/s q=2
step 15514 3.20h lr 1.35e-04 S=20 A: L1 0.0522 LPIPS 0.3135 | B: L1 0.0530 LPIPS 0.3208  23.1 img/s q=1
step 15596 3.22h lr 1.31e-04 S=20 A: L1 0.0499 LPIPS 0.3059 | B: L1 0.0505 LPIPS 0.3127  21.4 img/s q=3
step 15688 3.23h lr 1.27e-04 S=24 A: L1 0.0518 LPIPS 0.3124 | B: L1 0.0525 LPIPS 0.3195  24.0 img/s q=0
step 15774 3.25h lr 1.24e-04 S=16 A: L1 0.0520 LPIPS 0.3101 | B: L1 0.0527 LPIPS 0.3170  22.6 img/s q=0
step 15855 3.27h lr 1.21e-04 S=16 A: L1 0.0517 LPIPS 0.3125 | B: L1 0.0524 LPIPS 0.3198  21.5 img/s q=0
step 15941 3.28h lr 1.18e-04 S=24 A: L1 0.0519 LPIPS 0.3129 | B: L1 0.0527 LPIPS 0.3199  22.1 img/s q=1
step 16019 3.30h lr 1.15e-04 S=8 A: L1 0.0503 LPIPS 0.3092 | B: L1 0.0509 LPIPS 0.3161  20.7 img/s q=0
step 16097 3.32h lr 1.13e-04 S=16 A: L1 0.0519 LPIPS 0.3085 | B: L1 0.0526 LPIPS 0.3156  20.6 img/s q=2
step 16175 3.33h lr 1.11e-04 S=20 A: L1 0.0511 LPIPS 0.3077 | B: L1 0.0518 LPIPS 0.3148  20.6 img/s q=1
step 16250 3.35h lr 1.09e-04 S=16 A: L1 0.0502 LPIPS 0.3064 | B: L1 0.0510 LPIPS 0.3140  20.0 img/s q=0
step 16325 3.37h lr 1.07e-04 S=10 A: L1 0.0506 LPIPS 0.3076 | B: L1 0.0514 LPIPS 0.3147  20.0 img/s q=0
step 16404 3.38h lr 1.05e-04 S=16 A: L1 0.0512 LPIPS 0.3092 | B: L1 0.0519 LPIPS 0.3162  20.9 img/s q=1
step 16487 3.40h lr 1.04e-04 S=20 A: L1 0.0516 LPIPS 0.3086 | B: L1 0.0523 LPIPS 0.3157  22.1 img/s q=1
step 16579 3.42h lr 1.03e-04 S=16 A: L1 0.0514 LPIPS 0.3086 | B: L1 0.0522 LPIPS 0.3155  24.2 img/s q=0
step 16653 3.43h lr 1.02e-04 S=24 A: L1 0.0514 LPIPS 0.3081 | B: L1 0.0521 LPIPS 0.3151  19.4 img/s q=1
step 16737 3.45h lr 1.01e-04 S=24 A: L1 0.0528 LPIPS 0.3151 | B: L1 0.0536 LPIPS 0.3220  21.6 img/s q=1
step 16822 3.47h lr 1.00e-04 S=12 A: L1 0.0503 LPIPS 0.3074 | B: L1 0.0511 LPIPS 0.3144  22.6 img/s q=2
step 16897 3.49h lr 1.00e-04 S=16 A: L1 0.0501 LPIPS 0.3088 | B: L1 0.0508 LPIPS 0.3155  19.9 img/s q=0
[eval step 16962] A: L1 0.0440 LPIPS 0.2791 PSNR 25.1 CLIPcos 0.7882 | B: L1 0.0450 LPIPS 0.2819 PSNR 25.0 CLIPcos 0.7736
exported A: 3.15 MiB, 22 conv layers
exported B: 2.97 MiB, 22 conv layers
done
